--
-- COPY
--
-- CLASS POPULATION
--	(any resemblance to real life is purely coincidental)
--
COPY aggtest FROM '/home/craigbryan/dev/postgres/PostgresqlFun/postgresql-8.1.7/src/test/regress/data/agg.data';
COPY onek FROM '/home/craigbryan/dev/postgres/PostgresqlFun/postgresql-8.1.7/src/test/regress/data/onek.data';
COPY onek TO '/home/craigbryan/dev/postgres/PostgresqlFun/postgresql-8.1.7/src/test/regress/results/onek.data';
DELETE FROM onek;
COPY onek FROM '/home/craigbryan/dev/postgres/PostgresqlFun/postgresql-8.1.7/src/test/regress/results/onek.data';
COPY tenk1 FROM '/home/craigbryan/dev/postgres/PostgresqlFun/postgresql-8.1.7/src/test/regress/data/tenk.data';
COPY slow_emp4000 FROM '/home/craigbryan/dev/postgres/PostgresqlFun/postgresql-8.1.7/src/test/regress/data/rect.data';
COPY person FROM '/home/craigbryan/dev/postgres/PostgresqlFun/postgresql-8.1.7/src/test/regress/data/person.data';
COPY emp FROM '/home/craigbryan/dev/postgres/PostgresqlFun/postgresql-8.1.7/src/test/regress/data/emp.data';
COPY student FROM '/home/craigbryan/dev/postgres/PostgresqlFun/postgresql-8.1.7/src/test/regress/data/student.data';
COPY stud_emp FROM '/home/craigbryan/dev/postgres/PostgresqlFun/postgresql-8.1.7/src/test/regress/data/stud_emp.data';
COPY road FROM '/home/craigbryan/dev/postgres/PostgresqlFun/postgresql-8.1.7/src/test/regress/data/streets.data';
COPY real_city FROM '/home/craigbryan/dev/postgres/PostgresqlFun/postgresql-8.1.7/src/test/regress/data/real_city.data';
COPY hash_i4_heap FROM '/home/craigbryan/dev/postgres/PostgresqlFun/postgresql-8.1.7/src/test/regress/data/hash.data';
COPY hash_name_heap FROM '/home/craigbryan/dev/postgres/PostgresqlFun/postgresql-8.1.7/src/test/regress/data/hash.data';
COPY hash_txt_heap FROM '/home/craigbryan/dev/postgres/PostgresqlFun/postgresql-8.1.7/src/test/regress/data/hash.data';
COPY hash_f8_heap FROM '/home/craigbryan/dev/postgres/PostgresqlFun/postgresql-8.1.7/src/test/regress/data/hash.data';
-- the data in this file has a lot of duplicates in the index key
-- fields, leading to long bucket chains and lots of table expansion.
-- this is therefore a stress test of the bucket overflow code (unlike
-- the data in hash.data, which has unique index keys).
--
-- COPY hash_ovfl_heap FROM '/home/craigbryan/dev/postgres/PostgresqlFun/postgresql-8.1.7/src/test/regress/data/hashovfl.data';
COPY bt_i4_heap FROM '/home/craigbryan/dev/postgres/PostgresqlFun/postgresql-8.1.7/src/test/regress/data/desc.data';
COPY bt_name_heap FROM '/home/craigbryan/dev/postgres/PostgresqlFun/postgresql-8.1.7/src/test/regress/data/hash.data';
COPY bt_txt_heap FROM '/home/craigbryan/dev/postgres/PostgresqlFun/postgresql-8.1.7/src/test/regress/data/desc.data';
COPY bt_f8_heap FROM '/home/craigbryan/dev/postgres/PostgresqlFun/postgresql-8.1.7/src/test/regress/data/hash.data';
--- test copying in CSV mode with various styles
--- of embedded line ending characters
create temp table copytest (
	style	text,
	test 	text,
	filler	int);
insert into copytest values('DOS',E'abc\r\ndef',1);
insert into copytest values('Unix',E'abc\ndef',2);
insert into copytest values('Mac',E'abc\rdef',3);
insert into copytest values(E'esc\\ape',E'a\\r\\\r\\\n\\nb',4);
copy copytest to '/home/craigbryan/dev/postgres/PostgresqlFun/postgresql-8.1.7/src/test/regress/results/copytest.csv' csv;
create temp table copytest2 (like copytest);
copy copytest2 from '/home/craigbryan/dev/postgres/PostgresqlFun/postgresql-8.1.7/src/test/regress/results/copytest.csv' csv;
select * from copytest except select * from copytest2;
 style | test | filler 
-------+------+--------
(0 rows)

truncate copytest2;
--- same test but with an escape char different from quote char
copy copytest to '/home/craigbryan/dev/postgres/PostgresqlFun/postgresql-8.1.7/src/test/regress/results/copytest.csv' csv quote '''' escape E'\\';
copy copytest2 from '/home/craigbryan/dev/postgres/PostgresqlFun/postgresql-8.1.7/src/test/regress/results/copytest.csv' csv quote '''' escape E'\\';
select * from copytest except select * from copytest2;
 style | test | filler 
-------+------+--------
(0 rows)

-- test header line feature
create temp table copytest3 (
	c1 int, 
	"col with , comma" text, 
	"col with "" quote"  int);
copy copytest3 from stdin csv header;
copy copytest3 to stdout csv header;
c1,"col with , comma","col with "" quote"
1,a,1
2,b,2
