id,startdate,dateofbirth,enddate
1,2014-09-09,1992-02-28,2014-09-09
2,2014-09-21,1932-08-01,2014-09-21
3,2014-01-20,1952-03-21,2014-01-20
5,2012-06-19,1912-08-02,2012-06-19
6,2014-09-19,1996-07-03,2014-09-19
7,2014-02-21,2000-02-06,2014-02-21
8,2014-05-30,1992-02-03,2014-05-30
9,2012-09-12,1982-08-08,2012-09-12
10,2004-09-01,1932-08-18,2004-09-01
